INFO:     Started server process [25248]
INFO:     Waiting for application startup.
{"profile": "dev", "host": "127.0.0.1", "port": 8082, "jvm_base_url": "http://127.0.0.1:8081", "jvm_auth_mode": "dev_bypass", "event": "orchestrator.startup", "level": "info", "ts": "2026-05-01T04:11:05.755155Z"}
INFO:     Application startup complete.
INFO:     Uvicorn running on http://127.0.0.1:8082 (Press CTRL+C to quit)
{"event": "HTTP Request: GET http://127.0.0.1:8081/actuator/health/liveness \"HTTP/1.1 200 \"", "level": "info", "ts": "2026-05-01T04:11:14.332111Z"}
{"queue_id": "8482c4c4-b5b4-42dc-925c-99b07f7adc5d", "strategy_code": "MMR", "iter": 1, "budget": 5, "event": "tick.claimed", "level": "info", "ts": "2026-05-01T04:11:22.935675Z"}
{"event": "HTTP Request: POST http://127.0.0.1:8081/api/v1/dev/login-as \"HTTP/1.1 200 \"", "level": "info", "ts": "2026-05-01T04:11:22.961405Z"}
{"event": "HTTP Request: POST http://127.0.0.1:8081/api/v1/backtest \"HTTP/1.1 200 \"", "level": "info", "ts": "2026-05-01T04:11:23.328797Z"}
{"queue_id": "8482c4c4-b5b4-42dc-925c-99b07f7adc5d", "run_id": "d80627e8-3a19-4940-9343-b0d79a1e7220", "combo": {"extremeAtrMult": "1.0", "rsiOversoldMax": "15", "maxBarsHeld": "3"}, "event": "tick.submitted", "level": "info", "ts": "2026-05-01T04:11:23.336476Z"}
{"queue_id": "8482c4c4-b5b4-42dc-925c-99b07f7adc5d", "error": "invalid input for query argument $7: {'backtest_run_id': UUID('d80627e8-3a19-... (Object of type UUID is not JSON serializable)", "event": "tick.crashed", "level": "error", "ts": "2026-05-01T04:12:53.997699Z"}
ERROR:    Exception in ASGI application
Traceback (most recent call last):
  File "asyncpg\\protocol\\prepared_stmt.pyx", line 175, in asyncpg.protocol.protocol.PreparedStatementState._encode_bind_msg
  File "asyncpg\\protocol\\codecs/base.pyx", line 227, in asyncpg.protocol.protocol.Codec.encode
  File "asyncpg\\protocol\\codecs/base.pyx", line 207, in asyncpg.protocol.protocol.Codec.encode_in_python
  File "C:\Users\rfkih\AppData\Local\Programs\Python\Python312\Lib\json\__init__.py", line 231, in dumps
    return _default_encoder.encode(obj)
           ^^^^^^^^^^^^^^^^^^^^^^^^^^^^
  File "C:\Users\rfkih\AppData\Local\Programs\Python\Python312\Lib\json\encoder.py", line 200, in encode
    chunks = self.iterencode(o, _one_shot=True)
             ^^^^^^^^^^^^^^^^^^^^^^^^^^^^^^^^^^
  File "C:\Users\rfkih\AppData\Local\Programs\Python\Python312\Lib\json\encoder.py", line 258, in iterencode
    return _iterencode(o, 0)
           ^^^^^^^^^^^^^^^^^
  File "C:\Users\rfkih\AppData\Local\Programs\Python\Python312\Lib\json\encoder.py", line 180, in default
    raise TypeError(f'Object of type {o.__class__.__name__} '
TypeError: Object of type UUID is not JSON serializable

The above exception was the direct cause of the following exception:

Traceback (most recent call last):
  File "C:\Users\rfkih\AppData\Local\Programs\Python\Python312\Lib\site-packages\uvicorn\protocols\http\httptools_impl.py", line 415, in run_asgi
    result = await app(  # type: ignore[func-returns-value]
             ^^^^^^^^^^^^^^^^^^^^^^^^^^^^^^^^^^^^^^^^^^^^^^
  File "C:\Users\rfkih\AppData\Local\Programs\Python\Python312\Lib\site-packages\uvicorn\middleware\proxy_headers.py", line 60, in __call__
    return await self.app(scope, receive, send)
           ^^^^^^^^^^^^^^^^^^^^^^^^^^^^^^^^^^^^
  File "C:\Users\rfkih\AppData\Local\Programs\Python\Python312\Lib\site-packages\fastapi\applications.py", line 1133, in __call__
    await super().__call__(scope, receive, send)
  File "C:\Users\rfkih\AppData\Local\Programs\Python\Python312\Lib\site-packages\starlette\applications.py", line 113, in __call__
    await self.middleware_stack(scope, receive, send)
  File "C:\Users\rfkih\AppData\Local\Programs\Python\Python312\Lib\site-packages\starlette\middleware\errors.py", line 186, in __call__
    raise exc
  File "C:\Users\rfkih\AppData\Local\Programs\Python\Python312\Lib\site-packages\starlette\middleware\errors.py", line 164, in __call__
    await self.app(scope, receive, _send)
  File "C:\Users\rfkih\AppData\Local\Programs\Python\Python312\Lib\site-packages\starlette\middleware\base.py", line 182, in __call__
    with recv_stream, send_stream, collapse_excgroups():
  File "C:\Users\rfkih\AppData\Local\Programs\Python\Python312\Lib\contextlib.py", line 158, in __exit__
    self.gen.throw(value)
  File "C:\Users\rfkih\AppData\Local\Programs\Python\Python312\Lib\site-packages\starlette\_utils.py", line 85, in collapse_excgroups
    raise exc
  File "C:\Users\rfkih\AppData\Local\Programs\Python\Python312\Lib\site-packages\starlette\middleware\base.py", line 184, in __call__
    response = await self.dispatch_func(request, call_next)
               ^^^^^^^^^^^^^^^^^^^^^^^^^^^^^^^^^^^^^^^^^^^^
  File "C:\MyFiles\blackheart\research-orchestrator\src\orchestrator\auth.py", line 96, in dispatch
    return await call_next(request)
           ^^^^^^^^^^^^^^^^^^^^^^^^
  File "C:\Users\rfkih\AppData\Local\Programs\Python\Python312\Lib\site-packages\starlette\middleware\base.py", line 159, in call_next
    raise app_exc
  File "C:\Users\rfkih\AppData\Local\Programs\Python\Python312\Lib\site-packages\starlette\middleware\base.py", line 144, in coro
    await self.app(scope, receive_or_disconnect, send_no_error)
  File "C:\Users\rfkih\AppData\Local\Programs\Python\Python312\Lib\site-packages\starlette\middleware\exceptions.py", line 63, in __call__
    await wrap_app_handling_exceptions(self.app, conn)(scope, receive, send)
  File "C:\Users\rfkih\AppData\Local\Programs\Python\Python312\Lib\site-packages\starlette\_exception_handler.py", line 53, in wrapped_app
    raise exc
  File "C:\Users\rfkih\AppData\Local\Programs\Python\Python312\Lib\site-packages\starlette\_exception_handler.py", line 42, in wrapped_app
    await app(scope, receive, sender)
  File "C:\Users\rfkih\AppData\Local\Programs\Python\Python312\Lib\site-packages\fastapi\middleware\asyncexitstack.py", line 18, in __call__
    await self.app(scope, receive, send)
  File "C:\Users\rfkih\AppData\Local\Programs\Python\Python312\Lib\site-packages\starlette\routing.py", line 716, in __call__
    await self.middleware_stack(scope, receive, send)
  File "C:\Users\rfkih\AppData\Local\Programs\Python\Python312\Lib\site-packages\starlette\routing.py", line 736, in app
    await route.handle(scope, receive, send)
  File "C:\Users\rfkih\AppData\Local\Programs\Python\Python312\Lib\site-packages\starlette\routing.py", line 290, in handle
    await self.app(scope, receive, send)
  File "C:\Users\rfkih\AppData\Local\Programs\Python\Python312\Lib\site-packages\fastapi\routing.py", line 123, in app
    await wrap_app_handling_exceptions(app, request)(scope, receive, send)
  File "C:\Users\rfkih\AppData\Local\Programs\Python\Python312\Lib\site-packages\starlette\_exception_handler.py", line 53, in wrapped_app
    raise exc
  File "C:\Users\rfkih\AppData\Local\Programs\Python\Python312\Lib\site-packages\starlette\_exception_handler.py", line 42, in wrapped_app
    await app(scope, receive, sender)
  File "C:\Users\rfkih\AppData\Local\Programs\Python\Python312\Lib\site-packages\fastapi\routing.py", line 109, in app
    response = await f(request)
               ^^^^^^^^^^^^^^^^
  File "C:\Users\rfkih\AppData\Local\Programs\Python\Python312\Lib\site-packages\fastapi\routing.py", line 389, in app
    raw_response = await run_endpoint_function(
                   ^^^^^^^^^^^^^^^^^^^^^^^^^^^^
  File "C:\Users\rfkih\AppData\Local\Programs\Python\Python312\Lib\site-packages\fastapi\routing.py", line 288, in run_endpoint_function
    return await dependant.call(**values)
           ^^^^^^^^^^^^^^^^^^^^^^^^^^^^^^
  File "C:\MyFiles\blackheart\research-orchestrator\src\orchestrator\api\tick.py", line 52, in post_tick
    result = await run_tick(
             ^^^^^^^^^^^^^^^
  File "C:\MyFiles\blackheart\research-orchestrator\src\orchestrator\services\tick.py", line 254, in run_tick
    return await _execute_after_claim(
           ^^^^^^^^^^^^^^^^^^^^^^^^^^^
  File "C:\MyFiles\blackheart\research-orchestrator\src\orchestrator\services\tick.py", line 402, in _execute_after_claim
    iteration_id = await iterations_write.insert_iteration(
                   ^^^^^^^^^^^^^^^^^^^^^^^^^^^^^^^^^^^^^^^^
  File "C:\MyFiles\blackheart\research-orchestrator\src\orchestrator\repo\iterations_write.py", line 59, in insert_iteration
    iteration_id = await conn.fetchval(
                   ^^^^^^^^^^^^^^^^^^^^
  File "C:\Users\rfkih\AppData\Local\Programs\Python\Python312\Lib\site-packages\asyncpg\connection.py", line 714, in fetchval
    data = await self._execute(query, args, 1, timeout)
           ^^^^^^^^^^^^^^^^^^^^^^^^^^^^^^^^^^^^^^^^^^^^
  File "C:\Users\rfkih\AppData\Local\Programs\Python\Python312\Lib\site-packages\asyncpg\connection.py", line 1864, in _execute
    result, _ = await self.__execute(
                ^^^^^^^^^^^^^^^^^^^^^
  File "C:\Users\rfkih\AppData\Local\Programs\Python\Python312\Lib\site-packages\asyncpg\connection.py", line 1961, in __execute
    result, stmt = await self._do_execute(
                   ^^^^^^^^^^^^^^^^^^^^^^^
  File "C:\Users\rfkih\AppData\Local\Programs\Python\Python312\Lib\site-packages\asyncpg\connection.py", line 2024, in _do_execute
    result = await executor(stmt, None)
             ^^^^^^^^^^^^^^^^^^^^^^^^^^
  File "asyncpg\\protocol\\protocol.pyx", line 185, in bind_execute
  File "asyncpg\\protocol\\prepared_stmt.pyx", line 204, in asyncpg.protocol.protocol.PreparedStatementState._encode_bind_msg
asyncpg.exceptions.DataError: invalid input for query argument $7: {'backtest_run_id': UUID('d80627e8-3a19-... (Object of type UUID is not JSON serializable)
